---
source: tests/models/users.rs
expression: new_user
---
Err(
    Message(
        "Email already registered.",
    ),
)
